2026-10-05 00:05:57.260 INFO  [main] c.s.p.PmeScoringApplicationTests - Starting PmeScoringApplicationTests using Java 25.0.4.1 with PID 11380 (started by Pc-Gamer in C:\Users\Pc-Gamer\OneDrive\Desktop\pme-scoring)
2026-10-05 00:05:57.268 INFO  [main] c.s.p.PmeScoringApplicationTests - No active profile set, falling back to 1 default profile: "default"
2026-10-05 00:05:58.223 INFO  [main] o.s.d.r.c.RepositoryConfigurationDelegate - Bootstrapping Spring Data JPA repositories in DEFAULT mode.
2026-10-05 00:05:58.343 INFO  [main] o.s.d.r.c.RepositoryConfigurationDelegate - Finished Spring Data repository scanning in 109 ms. Found 5 JPA repository interfaces.
2026-10-05 00:05:58.893 INFO  [main] o.testcontainers.images.PullPolicy - Image pull policy will be performed by: DefaultPullPolicy()
2026-10-05 00:05:58.896 INFO  [main] o.t.utility.ImageNameSubstitutor - Image name substitution will be performed by: DefaultImageNameSubstitutor (composite of 'ConfigurationFileImageNameSubstitutor' and 'PrefixingImageNameSubstitutor')
2026-10-05 00:05:58.943 INFO  [main] o.testcontainers.DockerClientFactory - Testcontainers version: 2.0.5
2026-10-05 00:05:59.934 INFO  [main] o.t.d.DockerClientProviderStrategy - Found Docker environment with local Npipe socket (npipe:////./pipe/docker_engine)
2026-10-05 00:05:59.942 INFO  [main] o.testcontainers.DockerClientFactory - Docker host IP address is localhost
2026-10-05 00:05:59.970 INFO  [main] o.testcontainers.DockerClientFactory - Connected to docker: 
  Server Version: 29.8.1
  API Version: 1.56
  Operating System: Docker Desktop (containerized)
  Total Memory: 7913 MB
  Labels: 
    com.docker.desktop.address=npipe://\\.\pipe\docker_cli
2026-10-05 00:06:00.122 INFO  [main] tc.testcontainers/ryuk:0.14.0 - Pulling docker image: testcontainers/ryuk:0.14.0. Please be patient; this may take some time but only needs to be done once.
2026-10-05 00:06:01.527 INFO  [docker-java-stream-322087290] tc.testcontainers/ryuk:0.14.0 - Starting to pull image
2026-10-05 00:06:01.547 INFO  [docker-java-stream-322087290] tc.testcontainers/ryuk:0.14.0 - Pulling image layers:  0 pending,  0 downloaded,  0 extracted, (0 bytes/0 bytes)
2026-10-05 00:06:02.196 INFO  [docker-java-stream-322087290] tc.testcontainers/ryuk:0.14.0 - Pulling image layers:  1 pending,  1 downloaded,  0 extracted, (0 bytes/? MB)
2026-10-05 00:06:02.296 INFO  [docker-java-stream-322087290] tc.testcontainers/ryuk:0.14.0 - Pulling image layers:  1 pending,  1 downloaded,  1 extracted, (1 bytes/? MB)
2026-10-05 00:06:02.496 INFO  [docker-java-stream-322087290] tc.testcontainers/ryuk:0.14.0 - Pulling image layers:  0 pending,  2 downloaded,  1 extracted, (1 MB/2 MB)
2026-10-05 00:06:02.539 INFO  [docker-java-stream-322087290] tc.testcontainers/ryuk:0.14.0 - Pulling image layers:  0 pending,  2 downloaded,  2 extracted, (1 MB/2 MB)
2026-10-05 00:06:02.542 INFO  [docker-java-stream-322087290] tc.testcontainers/ryuk:0.14.0 - Pull complete. 2 layers, pulled in 1s (downloaded 1 MB at 1 MB/s)
2026-10-05 00:06:02.543 INFO  [main] tc.testcontainers/ryuk:0.14.0 - Image testcontainers/ryuk:0.14.0 pull took PT2.4201191S
2026-10-05 00:06:02.632 INFO  [main] tc.testcontainers/ryuk:0.14.0 - Creating container for image: testcontainers/ryuk:0.14.0
2026-10-05 00:06:02.820 INFO  [main] tc.testcontainers/ryuk:0.14.0 - Container testcontainers/ryuk:0.14.0 is starting: 92b74f77982dcc5a9a6919e972125f000d85dcd110e897b4bf236c214a80e053
2026-10-05 00:06:03.378 INFO  [main] tc.testcontainers/ryuk:0.14.0 - Container testcontainers/ryuk:0.14.0 started in PT0.7456845S
2026-10-05 00:06:03.388 INFO  [main] o.t.utility.RyukResourceReaper - Ryuk started - will monitor and terminate Testcontainers containers on JVM exit
2026-10-05 00:06:03.388 INFO  [main] o.testcontainers.DockerClientFactory - Checking the system...
2026-10-05 00:06:03.389 INFO  [main] o.testcontainers.DockerClientFactory - ✔︎ Docker server version should be at least 1.6.0
2026-10-05 00:06:03.390 INFO  [main] tc.postgres:15-alpine - Creating container for image: postgres:15-alpine
2026-10-05 00:06:03.515 INFO  [main] tc.postgres:15-alpine - Container postgres:15-alpine is starting: a4d31e009d2136c2bb75e8e9e798231c1f77edfa3a4a63bee3575328b8b816ac
2026-10-05 00:06:06.348 INFO  [main] tc.postgres:15-alpine - Container postgres:15-alpine started in PT2.9578118S
2026-10-05 00:06:06.349 INFO  [main] tc.postgres:15-alpine - Container is started (JDBC URL: jdbc:postgresql://localhost:64161/test?loggerLevel=OFF)
2026-10-05 00:06:07.074 INFO  [main] o.s.o.j.p.SpringPersistenceUnitInfo - No LoadTimeWeaver setup: ignoring JPA class transformer
2026-10-05 00:06:07.129 INFO  [main] com.zaxxer.hikari.HikariDataSource - HikariPool-1 - Starting...
2026-10-05 00:06:07.398 INFO  [main] com.zaxxer.hikari.pool.HikariPool - HikariPool-1 - Added connection org.postgresql.jdbc.PgConnection@582a24c3
2026-10-05 00:06:07.400 INFO  [main] com.zaxxer.hikari.HikariDataSource - HikariPool-1 - Start completed.
2026-10-05 00:06:08.604 INFO  [main] o.s.o.j.LocalContainerEntityManagerFactoryBean - Initialized JPA EntityManagerFactory for persistence unit 'default'
2026-10-05 00:06:08.680 INFO  [main] o.s.d.j.r.q.QueryEnhancerFactories - Hibernate is in classpath; If applicable, HQL parser will be used.
2026-10-05 00:06:10.308 INFO  [main] c.s.p.config.security.SecurityConfig - Configuring Spring Security filter chain and endpoint access rules
2026-10-05 00:06:10.816 INFO  [main] c.s.p.PmeScoringApplicationTests - Started PmeScoringApplicationTests in 14.049 seconds (process running for 19.932)
2026-10-05 00:06:10.819 INFO  [main] c.s.p.c.security.InitialUserSetup - Initializing security setup: Checking default admin user configuration
2026-10-05 00:06:10.975 INFO  [main] c.s.p.c.security.InitialUserSetup - Default admin user not found. Creating secure initial admin account for email: admin@admin.com
2026-10-05 00:06:11.126 INFO  [main] c.s.p.c.security.InitialUserSetup - Secure initial admin user created successfully
2026-10-05 00:06:11.153 INFO  [main] o.s.t.c.s.AnnotationConfigContextLoaderUtils - Could not detect default configuration classes for test class [com.scoring.pmescoring.repository.CalculatedScoreRepositoryTest]: CalculatedScoreRepositoryTest does not declare any static, non-private, non-final, nested classes annotated with @Configuration.
2026-10-05 00:06:11.214 INFO  [main] o.s.b.t.c.SpringBootTestContextBootstrapper - Found @SpringBootConfiguration com.scoring.pmescoring.PmeScoringApplication for test class com.scoring.pmescoring.repository.CalculatedScoreRepositoryTest
2026-10-05 00:06:11.215 INFO  [main] o.s.t.c.s.AnnotationConfigContextLoaderUtils - Could not detect default configuration classes for test class [com.scoring.pmescoring.repository.CalculatedScoreRepositoryTest]: CalculatedScoreRepositoryTest does not declare any static, non-private, non-final, nested classes annotated with @Configuration.
2026-10-05 00:06:11.216 INFO  [main] o.s.t.c.s.AnnotationConfigContextLoaderUtils - Could not detect default configuration classes for test class [com.scoring.pmescoring.repository.RepositoryTestBase]: RepositoryTestBase does not declare any static, non-private, non-final, nested classes annotated with @Configuration.
2026-10-05 00:06:11.234 INFO  [main] o.s.b.t.c.SpringBootTestContextBootstrapper - Found @SpringBootConfiguration com.scoring.pmescoring.PmeScoringApplication for test class com.scoring.pmescoring.repository.CalculatedScoreRepositoryTest
2026-10-05 00:06:11.290 INFO  [main] c.s.p.r.CalculatedScoreRepositoryTest - Starting CalculatedScoreRepositoryTest using Java 25.0.4.1 with PID 11380 (started by Pc-Gamer in C:\Users\Pc-Gamer\OneDrive\Desktop\pme-scoring)
2026-10-05 00:06:11.290 INFO  [main] c.s.p.r.CalculatedScoreRepositoryTest - No active profile set, falling back to 1 default profile: "default"
2026-10-05 00:06:11.460 INFO  [main] o.s.d.r.c.RepositoryConfigurationDelegate - Bootstrapping Spring Data JPA repositories in DEFAULT mode.
2026-10-05 00:06:11.516 INFO  [main] o.s.d.r.c.RepositoryConfigurationDelegate - Finished Spring Data repository scanning in 54 ms. Found 5 JPA repository interfaces.
2026-10-05 00:06:11.544 INFO  [main] tc.postgres:15-alpine - Creating container for image: postgres:15-alpine
2026-10-05 00:06:11.723 INFO  [main] tc.postgres:15-alpine - Container postgres:15-alpine is starting: 2fe927daf518619368831f9e079f0cb0c4fa4062123dbb113fb9fce79e3a9c3a
2026-10-05 00:06:14.070 INFO  [main] tc.postgres:15-alpine - Container postgres:15-alpine started in PT2.5265686S
2026-10-05 00:06:14.070 INFO  [main] tc.postgres:15-alpine - Container is started (JDBC URL: jdbc:postgresql://localhost:64187/test?loggerLevel=OFF)
2026-10-05 00:06:14.182 INFO  [main] o.s.o.j.p.SpringPersistenceUnitInfo - No LoadTimeWeaver setup: ignoring JPA class transformer
2026-10-05 00:06:14.183 INFO  [main] com.zaxxer.hikari.HikariDataSource - HikariPool-2 - Starting...
2026-10-05 00:06:14.212 INFO  [main] com.zaxxer.hikari.pool.HikariPool - HikariPool-2 - Added connection org.postgresql.jdbc.PgConnection@6076d6d4
2026-10-05 00:06:14.213 INFO  [main] com.zaxxer.hikari.HikariDataSource - HikariPool-2 - Start completed.
2026-10-05 00:06:14.413 INFO  [main] o.s.o.j.LocalContainerEntityManagerFactoryBean - Initialized JPA EntityManagerFactory for persistence unit 'default'
2026-10-05 00:06:14.485 INFO  [main] c.s.p.r.CalculatedScoreRepositoryTest - Started CalculatedScoreRepositoryTest in 3.245 seconds (process running for 23.6)
2026-10-05 00:06:14.781 INFO  [main] o.s.t.c.s.AnnotationConfigContextLoaderUtils - Could not detect default configuration classes for test class [com.scoring.pmescoring.repository.DefaultOccurrenceRepositoryTest]: DefaultOccurrenceRepositoryTest does not declare any static, non-private, non-final, nested classes annotated with @Configuration.
2026-10-05 00:06:14.802 INFO  [main] o.s.b.t.c.SpringBootTestContextBootstrapper - Found @SpringBootConfiguration com.scoring.pmescoring.PmeScoringApplication for test class com.scoring.pmescoring.repository.DefaultOccurrenceRepositoryTest
2026-10-05 00:06:14.802 INFO  [main] o.s.t.c.s.AnnotationConfigContextLoaderUtils - Could not detect default configuration classes for test class [com.scoring.pmescoring.repository.DefaultOccurrenceRepositoryTest]: DefaultOccurrenceRepositoryTest does not declare any static, non-private, non-final, nested classes annotated with @Configuration.
2026-10-05 00:06:14.803 INFO  [main] o.s.t.c.s.AnnotationConfigContextLoaderUtils - Could not detect default configuration classes for test class [com.scoring.pmescoring.repository.RepositoryTestBase]: RepositoryTestBase does not declare any static, non-private, non-final, nested classes annotated with @Configuration.
2026-10-05 00:06:14.818 INFO  [main] o.s.b.t.c.SpringBootTestContextBootstrapper - Found @SpringBootConfiguration com.scoring.pmescoring.PmeScoringApplication for test class com.scoring.pmescoring.repository.DefaultOccurrenceRepositoryTest
2026-10-05 00:06:15.063 INFO  [main] o.s.t.c.s.AnnotationConfigContextLoaderUtils - Could not detect default configuration classes for test class [com.scoring.pmescoring.repository.FirmRepositoryTest]: FirmRepositoryTest does not declare any static, non-private, non-final, nested classes annotated with @Configuration.
2026-10-05 00:06:15.085 INFO  [main] o.s.b.t.c.SpringBootTestContextBootstrapper - Found @SpringBootConfiguration com.scoring.pmescoring.PmeScoringApplication for test class com.scoring.pmescoring.repository.FirmRepositoryTest
2026-10-05 00:06:15.086 INFO  [main] o.s.t.c.s.AnnotationConfigContextLoaderUtils - Could not detect default configuration classes for test class [com.scoring.pmescoring.repository.FirmRepositoryTest]: FirmRepositoryTest does not declare any static, non-private, non-final, nested classes annotated with @Configuration.
2026-10-05 00:06:15.086 INFO  [main] o.s.t.c.s.AnnotationConfigContextLoaderUtils - Could not detect default configuration classes for test class [com.scoring.pmescoring.repository.RepositoryTestBase]: RepositoryTestBase does not declare any static, non-private, non-final, nested classes annotated with @Configuration.
2026-10-05 00:06:15.105 INFO  [main] o.s.b.t.c.SpringBootTestContextBootstrapper - Found @SpringBootConfiguration com.scoring.pmescoring.PmeScoringApplication for test class com.scoring.pmescoring.repository.FirmRepositoryTest
2026-10-05 00:06:15.109 INFO  [main] o.s.t.c.s.AnnotationConfigContextLoaderUtils - Could not detect default configuration classes for test class [com.scoring.pmescoring.repository.FirmRepositoryTest$DashboardQuery]: DashboardQuery does not declare any static, non-private, non-final, nested classes annotated with @Configuration.
2026-10-05 00:06:15.128 INFO  [main] o.s.b.t.c.SpringBootTestContextBootstrapper - Found @SpringBootConfiguration com.scoring.pmescoring.PmeScoringApplication for test class com.scoring.pmescoring.repository.FirmRepositoryTest$DashboardQuery
2026-10-05 00:06:15.128 INFO  [main] o.s.t.c.s.AnnotationConfigContextLoaderUtils - Could not detect default configuration classes for test class [com.scoring.pmescoring.repository.FirmRepositoryTest$DashboardQuery]: DashboardQuery does not declare any static, non-private, non-final, nested classes annotated with @Configuration.
2026-10-05 00:06:15.129 INFO  [main] o.s.t.c.s.AnnotationConfigContextLoaderUtils - Could not detect default configuration classes for test class [com.scoring.pmescoring.repository.FirmRepositoryTest]: FirmRepositoryTest does not declare any static, non-private, non-final, nested classes annotated with @Configuration.
2026-10-05 00:06:15.129 INFO  [main] o.s.t.c.s.AnnotationConfigContextLoaderUtils - Could not detect default configuration classes for test class [com.scoring.pmescoring.repository.RepositoryTestBase]: RepositoryTestBase does not declare any static, non-private, non-final, nested classes annotated with @Configuration.
2026-10-05 00:06:15.154 INFO  [main] o.s.b.t.c.SpringBootTestContextBootstrapper - Found @SpringBootConfiguration com.scoring.pmescoring.PmeScoringApplication for test class com.scoring.pmescoring.repository.FirmRepositoryTest$DashboardQuery
2026-10-05 00:06:15.423 INFO  [main] o.s.t.c.s.AnnotationConfigContextLoaderUtils - Could not detect default configuration classes for test class [com.scoring.pmescoring.repository.FirmRepositoryTest$DerivedQueries]: DerivedQueries does not declare any static, non-private, non-final, nested classes annotated with @Configuration.
2026-10-05 00:06:15.442 INFO  [main] o.s.b.t.c.SpringBootTestContextBootstrapper - Found @SpringBootConfiguration com.scoring.pmescoring.PmeScoringApplication for test class com.scoring.pmescoring.repository.FirmRepositoryTest$DerivedQueries
2026-10-05 00:06:15.443 INFO  [main] o.s.t.c.s.AnnotationConfigContextLoaderUtils - Could not detect default configuration classes for test class [com.scoring.pmescoring.repository.FirmRepositoryTest$DerivedQueries]: DerivedQueries does not declare any static, non-private, non-final, nested classes annotated with @Configuration.
2026-10-05 00:06:15.443 INFO  [main] o.s.t.c.s.AnnotationConfigContextLoaderUtils - Could not detect default configuration classes for test class [com.scoring.pmescoring.repository.FirmRepositoryTest]: FirmRepositoryTest does not declare any static, non-private, non-final, nested classes annotated with @Configuration.
2026-10-05 00:06:15.443 INFO  [main] o.s.t.c.s.AnnotationConfigContextLoaderUtils - Could not detect default configuration classes for test class [com.scoring.pmescoring.repository.RepositoryTestBase]: RepositoryTestBase does not declare any static, non-private, non-final, nested classes annotated with @Configuration.
2026-10-05 00:06:15.458 INFO  [main] o.s.b.t.c.SpringBootTestContextBootstrapper - Found @SpringBootConfiguration com.scoring.pmescoring.PmeScoringApplication for test class com.scoring.pmescoring.repository.FirmRepositoryTest$DerivedQueries
2026-10-05 00:06:15.619 INFO  [main] o.s.t.c.s.AnnotationConfigContextLoaderUtils - Could not detect default configuration classes for test class [com.scoring.pmescoring.repository.UserRepositoryTest]: UserRepositoryTest does not declare any static, non-private, non-final, nested classes annotated with @Configuration.
2026-10-05 00:06:15.640 INFO  [main] o.s.b.t.c.SpringBootTestContextBootstrapper - Found @SpringBootConfiguration com.scoring.pmescoring.PmeScoringApplication for test class com.scoring.pmescoring.repository.UserRepositoryTest
2026-10-05 00:06:15.641 INFO  [main] o.s.t.c.s.AnnotationConfigContextLoaderUtils - Could not detect default configuration classes for test class [com.scoring.pmescoring.repository.UserRepositoryTest]: UserRepositoryTest does not declare any static, non-private, non-final, nested classes annotated with @Configuration.
2026-10-05 00:06:15.641 INFO  [main] o.s.t.c.s.AnnotationConfigContextLoaderUtils - Could not detect default configuration classes for test class [com.scoring.pmescoring.repository.RepositoryTestBase]: RepositoryTestBase does not declare any static, non-private, non-final, nested classes annotated with @Configuration.
2026-10-05 00:06:15.655 INFO  [main] o.s.b.t.c.SpringBootTestContextBootstrapper - Found @SpringBootConfiguration com.scoring.pmescoring.PmeScoringApplication for test class com.scoring.pmescoring.repository.UserRepositoryTest
2026-10-05 00:06:15.883 INFO  [main] o.s.t.c.s.AnnotationConfigContextLoaderUtils - Could not detect default configuration classes for test class [com.scoring.pmescoring.repository.UserSpecificationTest]: UserSpecificationTest does not declare any static, non-private, non-final, nested classes annotated with @Configuration.
2026-10-05 00:06:15.903 INFO  [main] o.s.b.t.c.SpringBootTestContextBootstrapper - Found @SpringBootConfiguration com.scoring.pmescoring.PmeScoringApplication for test class com.scoring.pmescoring.repository.UserSpecificationTest
2026-10-05 00:06:15.904 INFO  [main] o.s.t.c.s.AnnotationConfigContextLoaderUtils - Could not detect default configuration classes for test class [com.scoring.pmescoring.repository.UserSpecificationTest]: UserSpecificationTest does not declare any static, non-private, non-final, nested classes annotated with @Configuration.
2026-10-05 00:06:15.904 INFO  [main] o.s.t.c.s.AnnotationConfigContextLoaderUtils - Could not detect default configuration classes for test class [com.scoring.pmescoring.repository.RepositoryTestBase]: RepositoryTestBase does not declare any static, non-private, non-final, nested classes annotated with @Configuration.
2026-10-05 00:06:15.922 INFO  [main] o.s.b.t.c.SpringBootTestContextBootstrapper - Found @SpringBootConfiguration com.scoring.pmescoring.PmeScoringApplication for test class com.scoring.pmescoring.repository.UserSpecificationTest
2026-10-05 00:06:16.289 INFO  [main] o.s.t.c.s.AnnotationConfigContextLoaderUtils - Could not detect default configuration classes for test class [com.scoring.pmescoring.repository.WeightConfigurationRepositoryTest]: WeightConfigurationRepositoryTest does not declare any static, non-private, non-final, nested classes annotated with @Configuration.
2026-10-05 00:06:16.325 INFO  [main] o.s.b.t.c.SpringBootTestContextBootstrapper - Found @SpringBootConfiguration com.scoring.pmescoring.PmeScoringApplication for test class com.scoring.pmescoring.repository.WeightConfigurationRepositoryTest
2026-10-05 00:06:16.326 INFO  [main] o.s.t.c.s.AnnotationConfigContextLoaderUtils - Could not detect default configuration classes for test class [com.scoring.pmescoring.repository.WeightConfigurationRepositoryTest]: WeightConfigurationRepositoryTest does not declare any static, non-private, non-final, nested classes annotated with @Configuration.
2026-10-05 00:06:16.326 INFO  [main] o.s.t.c.s.AnnotationConfigContextLoaderUtils - Could not detect default configuration classes for test class [com.scoring.pmescoring.repository.RepositoryTestBase]: RepositoryTestBase does not declare any static, non-private, non-final, nested classes annotated with @Configuration.
2026-10-05 00:06:16.349 INFO  [main] o.s.b.t.c.SpringBootTestContextBootstrapper - Found @SpringBootConfiguration com.scoring.pmescoring.PmeScoringApplication for test class com.scoring.pmescoring.repository.WeightConfigurationRepositoryTest
2026-10-05 00:06:17.406 INFO  [main] c.s.p.s.i.CalculatedScoreServiceImpl - Starting calculation process for Firm ID: 1
2026-10-05 00:06:17.407 INFO  [main] c.s.p.s.i.CalculatedScoreServiceImpl - Gathering base data and configurations to calculate score for Firm ID: 1
2026-10-05 00:06:17.409 INFO  [main] c.s.p.s.i.CalculatedScoreServiceImpl - Score calculation completed. Firm ID: 1, Final Score: 650, Risk Band: MEDIUM
2026-10-05 00:06:17.411 INFO  [main] c.s.p.s.i.CalculatedScoreServiceImpl - Successfully created and saved new calculated score for Firm ID: 1
2026-10-05 00:06:17.418 INFO  [main] c.s.p.s.i.CalculatedScoreServiceImpl - Starting calculation process for Firm ID: 1
2026-10-05 00:06:17.419 INFO  [main] c.s.p.s.i.CalculatedScoreServiceImpl - Gathering base data and configurations to calculate score for Firm ID: 1
2026-10-05 00:06:17.419 WARN  [main] c.s.p.s.i.CalculatedScoreServiceImpl - Active firm search failed. Firm not found with ID: 1
2026-10-05 00:06:17.426 INFO  [main] c.s.p.s.i.CalculatedScoreServiceImpl - Starting calculation process for Firm ID: 1
2026-10-05 00:06:17.426 INFO  [main] c.s.p.s.i.CalculatedScoreServiceImpl - Gathering base data and configurations to calculate score for Firm ID: 1
2026-10-05 00:06:17.427 INFO  [main] c.s.p.s.i.CalculatedScoreServiceImpl - Score calculation completed. Firm ID: 1, Final Score: 1000, Risk Band: LOW
2026-10-05 00:06:17.427 INFO  [main] c.s.p.s.i.CalculatedScoreServiceImpl - Successfully created and saved new calculated score for Firm ID: 1
2026-10-05 00:06:17.496 INFO  [main] c.s.p.s.i.CalculatedScoreServiceImpl - Starting calculation process for Firm ID: 1
2026-10-05 00:06:17.496 INFO  [main] c.s.p.s.i.CalculatedScoreServiceImpl - Gathering base data and configurations to calculate score for Firm ID: 1
2026-10-05 00:06:17.497 INFO  [main] c.s.p.s.i.CalculatedScoreServiceImpl - Score calculation completed. Firm ID: 1, Final Score: 700, Risk Band: LOW
2026-10-05 00:06:17.497 INFO  [main] c.s.p.s.i.CalculatedScoreServiceImpl - Successfully created and saved new calculated score for Firm ID: 1
2026-10-05 00:06:17.505 INFO  [main] c.s.p.s.i.CalculatedScoreServiceImpl - Starting calculation process for Firm ID: 1
2026-10-05 00:06:17.505 INFO  [main] c.s.p.s.i.CalculatedScoreServiceImpl - Gathering base data and configurations to calculate score for Firm ID: 1
2026-10-05 00:06:17.505 INFO  [main] c.s.p.s.i.CalculatedScoreServiceImpl - Score calculation completed. Firm ID: 1, Final Score: 699, Risk Band: MEDIUM
2026-10-05 00:06:17.506 INFO  [main] c.s.p.s.i.CalculatedScoreServiceImpl - Successfully created and saved new calculated score for Firm ID: 1
2026-10-05 00:06:17.513 INFO  [main] c.s.p.s.i.CalculatedScoreServiceImpl - Starting calculation process for Firm ID: 1
2026-10-05 00:06:17.514 INFO  [main] c.s.p.s.i.CalculatedScoreServiceImpl - Gathering base data and configurations to calculate score for Firm ID: 1
2026-10-05 00:06:17.514 INFO  [main] c.s.p.s.i.CalculatedScoreServiceImpl - Score calculation completed. Firm ID: 1, Final Score: 400, Risk Band: MEDIUM
2026-10-05 00:06:17.515 INFO  [main] c.s.p.s.i.CalculatedScoreServiceImpl - Successfully created and saved new calculated score for Firm ID: 1
2026-10-05 00:06:17.522 INFO  [main] c.s.p.s.i.CalculatedScoreServiceImpl - Starting calculation process for Firm ID: 1
2026-10-05 00:06:17.522 INFO  [main] c.s.p.s.i.CalculatedScoreServiceImpl - Gathering base data and configurations to calculate score for Firm ID: 1
2026-10-05 00:06:17.522 INFO  [main] c.s.p.s.i.CalculatedScoreServiceImpl - Score calculation completed. Firm ID: 1, Final Score: 399, Risk Band: HIGH
2026-10-05 00:06:17.523 INFO  [main] c.s.p.s.i.CalculatedScoreServiceImpl - Successfully created and saved new calculated score for Firm ID: 1
2026-10-05 00:06:17.601 INFO  [main] c.s.p.s.i.CalculatedScoreServiceImpl - Starting calculation process for Firm ID: 1
2026-10-05 00:06:17.602 INFO  [main] c.s.p.s.i.CalculatedScoreServiceImpl - Gathering base data and configurations to calculate score for Firm ID: 1
2026-10-05 00:06:17.602 INFO  [main] c.s.p.s.i.CalculatedScoreServiceImpl - Found 1 active default occurrences for Firm ID: 1
2026-10-05 00:06:17.603 INFO  [main] c.s.p.s.i.CalculatedScoreServiceImpl - Score calculation completed. Firm ID: 1, Final Score: 350, Risk Band: HIGH
2026-10-05 00:06:17.604 INFO  [main] c.s.p.s.i.CalculatedScoreServiceImpl - Successfully created and saved new calculated score for Firm ID: 1
2026-10-05 00:06:17.610 INFO  [main] c.s.p.s.i.CalculatedScoreServiceImpl - Starting calculation process for Firm ID: 1
2026-10-05 00:06:17.610 INFO  [main] c.s.p.s.i.CalculatedScoreServiceImpl - Gathering base data and configurations to calculate score for Firm ID: 1
2026-10-05 00:06:17.610 WARN  [main] c.s.p.s.i.CalculatedScoreServiceImpl - Business rule violation: No active weight configuration found in the database
2026-10-05 00:06:17.685 INFO  [main] c.s.p.s.i.CalculatedScoreServiceImpl - Starting calculation process for Firm ID: 1
2026-10-05 00:06:17.685 INFO  [main] c.s.p.s.i.CalculatedScoreServiceImpl - Deactivating previous calculation record
2026-10-05 00:06:17.686 INFO  [main] c.s.p.s.i.CalculatedScoreServiceImpl - Gathering base data and configurations to calculate score for Firm ID: 1
2026-10-05 00:06:17.687 INFO  [main] c.s.p.s.i.CalculatedScoreServiceImpl - Score calculation completed. Firm ID: 1, Final Score: 650, Risk Band: MEDIUM
2026-10-05 00:06:17.687 INFO  [main] c.s.p.s.i.CalculatedScoreServiceImpl - Successfully created and saved new calculated score for Firm ID: 1
2026-10-05 00:06:17.692 INFO  [main] c.s.p.s.i.CalculatedScoreServiceImpl - Starting calculation process for Firm ID: 1
2026-10-05 00:06:17.692 INFO  [main] c.s.p.s.i.CalculatedScoreServiceImpl - Gathering base data and configurations to calculate score for Firm ID: 1
2026-10-05 00:06:17.692 WARN  [main] c.s.p.s.i.CalculatedScoreServiceImpl - Active user search failed. User not found with ID: 10
2026-10-05 00:06:17.699 INFO  [main] c.s.p.s.i.CalculatedScoreServiceImpl - Starting deletion process for calculated score ID: 5
2026-10-05 00:06:17.699 WARN  [main] c.s.p.s.i.CalculatedScoreServiceImpl - Business rule violation: Attempted to delete the only active calculated score ID: 5
2026-10-05 00:06:17.705 INFO  [main] c.s.p.s.i.CalculatedScoreServiceImpl - Starting deletion process for calculated score ID: 5
2026-10-05 00:06:17.706 INFO  [main] c.s.p.s.i.CalculatedScoreServiceImpl - Calculated score ID: 5 successfully marked as inactive (deleted)
2026-10-05 00:06:17.711 INFO  [main] c.s.p.s.i.CalculatedScoreServiceImpl - Starting deletion process for calculated score ID: 99
2026-10-05 00:06:17.712 WARN  [main] c.s.p.s.i.CalculatedScoreServiceImpl - Deletion failed. Calculated Score not found with ID: 99
2026-10-05 00:06:17.717 INFO  [main] c.s.p.s.impl.DashboardServiceImpl - Querying firms dashboard data. RiskBand filter: HIGH
2026-10-05 00:06:17.721 INFO  [main] c.s.p.s.impl.DashboardServiceImpl - Starting CSV export for active firms. RiskBand filter: LOW, Batch size: 10
2026-10-05 00:06:17.722 INFO  [main] c.s.p.s.impl.DashboardServiceImpl - CSV export completed successfully. Total batches processed: 1
2026-10-05 00:06:17.815 INFO  [main] c.s.p.s.impl.DashboardServiceImpl - Starting CSV export for active firms. RiskBand filter: null, Batch size: 10
2026-10-05 00:06:17.816 INFO  [main] c.s.p.s.impl.DashboardServiceImpl - CSV export completed successfully. Total batches processed: 1
2026-10-05 00:06:17.820 INFO  [main] c.s.p.s.impl.DashboardServiceImpl - Starting CSV export for active firms. RiskBand filter: null, Batch size: 2
2026-10-05 00:06:17.821 INFO  [main] c.s.p.s.impl.DashboardServiceImpl - CSV export completed successfully. Total batches processed: 3
2026-10-05 00:06:17.825 INFO  [main] c.s.p.s.impl.DashboardServiceImpl - Starting CSV export for active firms. RiskBand filter: null, Batch size: 10
2026-10-05 00:06:17.825 ERROR [main] c.s.p.s.impl.DashboardServiceImpl - Failed to write CSV export stream to output
java.io.IOException: Conexão encerrada pelo cliente
	at com.scoring.pmescoring.service.impl.DashboardServiceImplTest$ExportCsv$1.write(DashboardServiceImplTest.java:180)
	at java.base/java.io.OutputStream.write(OutputStream.java:167)
	at java.base/sun.nio.cs.StreamEncoder.writeBytes(StreamEncoder.java:220)
	at java.base/sun.nio.cs.StreamEncoder.implFlushBuffer(StreamEncoder.java:315)
	at java.base/sun.nio.cs.StreamEncoder.implFlush(StreamEncoder.java:320)
	at java.base/sun.nio.cs.StreamEncoder.flush(StreamEncoder.java:150)
	at java.base/java.io.OutputStreamWriter.flush(OutputStreamWriter.java:249)
	at java.base/java.io.BufferedWriter.flush(BufferedWriter.java:306)
	at com.scoring.pmescoring.service.impl.DashboardServiceImpl.exportFirmsWithScoresInCsv(DashboardServiceImpl.java:71)
	at com.scoring.pmescoring.service.impl.DashboardServiceImplTest$ExportCsv.lambda$shouldPropagateIOException$0(DashboardServiceImplTest.java:184)
	at org.assertj.core.api.ThrowableAssert.catchThrowable(ThrowableAssert.java:66)
	at org.assertj.core.api.AssertionsForClassTypes.catchThrowable(AssertionsForClassTypes.java:908)
	at org.assertj.core.api.Assertions.catchThrowable(Assertions.java:1476)
	at org.assertj.core.api.Assertions.assertThatThrownBy(Assertions.java:1319)
	at com.scoring.pmescoring.service.impl.DashboardServiceImplTest$ExportCsv.shouldPropagateIOException(DashboardServiceImplTest.java:184)
	at java.base/jdk.internal.reflect.DirectMethodHandleAccessor.invoke(DirectMethodHandleAccessor.java:104)
	at java.base/java.lang.reflect.Method.invoke(Method.java:565)
	at org.junit.platform.commons.util.ReflectionUtils.invokeMethod(ReflectionUtils.java:701)
	at org.junit.platform.commons.support.ReflectionSupport.invokeMethod(ReflectionSupport.java:502)
	at org.junit.jupiter.engine.support.MethodReflectionUtils.invoke(MethodReflectionUtils.java:45)
	at org.junit.jupiter.engine.execution.MethodInvocation.proceed(MethodInvocation.java:61)
	at org.junit.jupiter.engine.execution.InvocationInterceptorChain$ValidatingInvocation.proceed(InvocationInterceptorChain.java:124)
	at org.junit.jupiter.engine.extension.TimeoutExtension.intercept(TimeoutExtension.java:163)
	at org.junit.jupiter.engine.extension.TimeoutExtension.interceptTestableMethod(TimeoutExtension.java:148)
	at org.junit.jupiter.engine.extension.TimeoutExtension.interceptTestMethod(TimeoutExtension.java:86)
	at org.junit.jupiter.engine.execution.InterceptingExecutableInvoker$ReflectiveInterceptorCall.lambda$ofVoidMethod$0(InterceptingExecutableInvoker.java:123)
	at org.junit.jupiter.engine.execution.InterceptingExecutableInvoker.lambda$invoke$0(InterceptingExecutableInvoker.java:105)
	at org.junit.jupiter.engine.execution.InvocationInterceptorChain$InterceptedInvocation.proceed(InvocationInterceptorChain.java:99)
	at org.junit.jupiter.engine.execution.InvocationInterceptorChain.proceed(InvocationInterceptorChain.java:66)
	at org.junit.jupiter.engine.execution.InvocationInterceptorChain.chainAndInvoke(InvocationInterceptorChain.java:47)
	at org.junit.jupiter.engine.execution.InvocationInterceptorChain.invoke(InvocationInterceptorChain.java:39)
	at org.junit.jupiter.engine.execution.InterceptingExecutableInvoker.invoke(InterceptingExecutableInvoker.java:104)
	at org.junit.jupiter.engine.execution.InterceptingExecutableInvoker.invoke(InterceptingExecutableInvoker.java:98)
	at org.junit.jupiter.engine.execution.InterceptingExecutableInvoker.invokeVoid(InterceptingExecutableInvoker.java:71)
	at org.junit.jupiter.engine.descriptor.TestMethodTestDescriptor.lambda$invokeTestMethod$0(TestMethodTestDescriptor.java:219)
	at org.junit.platform.engine.support.hierarchical.ThrowableCollector.execute(ThrowableCollector.java:74)
	at org.junit.jupiter.engine.descriptor.TestMethodTestDescriptor.invokeTestMethod(TestMethodTestDescriptor.java:215)
	at org.junit.jupiter.engine.descriptor.TestMethodTestDescriptor.execute(TestMethodTestDescriptor.java:157)
	at org.junit.jupiter.engine.descriptor.TestMethodTestDescriptor.execute(TestMethodTestDescriptor.java:70)
	at org.junit.platform.engine.support.hierarchical.NodeTestTask.lambda$executeRecursively$2(NodeTestTask.java:176)
	at org.junit.platform.engine.support.hierarchical.ThrowableCollector.execute(ThrowableCollector.java:74)
	at org.junit.platform.engine.support.hierarchical.NodeTestTask.lambda$executeRecursively$1(NodeTestTask.java:166)
	at org.junit.platform.engine.support.hierarchical.Node.around(Node.java:138)
	at org.junit.platform.engine.support.hierarchical.NodeTestTask.lambda$executeRecursively$0(NodeTestTask.java:164)
	at org.junit.platform.engine.support.hierarchical.ThrowableCollector.execute(ThrowableCollector.java:74)
	at org.junit.platform.engine.support.hierarchical.NodeTestTask.executeRecursively(NodeTestTask.java:163)
	at org.junit.platform.engine.support.hierarchical.NodeTestTask.execute(NodeTestTask.java:116)
	at java.base/java.util.ArrayList.forEach(ArrayList.java:1604)
	at org.junit.platform.engine.support.hierarchical.SameThreadHierarchicalTestExecutorService.invokeAll(SameThreadHierarchicalTestExecutorService.java:42)
	at org.junit.platform.engine.support.hierarchical.NodeTestTask.lambda$executeRecursively$2(NodeTestTask.java:180)
	at org.junit.platform.engine.support.hierarchical.ThrowableCollector.execute(ThrowableCollector.java:74)
	at org.junit.platform.engine.support.hierarchical.NodeTestTask.lambda$executeRecursively$1(NodeTestTask.java:166)
	at org.junit.platform.engine.support.hierarchical.Node.around(Node.java:138)
	at org.junit.platform.engine.support.hierarchical.NodeTestTask.lambda$executeRecursively$0(NodeTestTask.java:164)
	at org.junit.platform.engine.support.hierarchical.ThrowableCollector.execute(ThrowableCollector.java:74)
	at org.junit.platform.engine.support.hierarchical.NodeTestTask.executeRecursively(NodeTestTask.java:163)
	at org.junit.platform.engine.support.hierarchical.NodeTestTask.execute(NodeTestTask.java:116)
	at java.base/java.util.ArrayList.forEach(ArrayList.java:1604)
	at org.junit.platform.engine.support.hierarchical.SameThreadHierarchicalTestExecutorService.invokeAll(SameThreadHierarchicalTestExecutorService.java:42)
	at org.junit.platform.engine.support.hierarchical.NodeTestTask.lambda$executeRecursively$2(NodeTestTask.java:180)
	at org.junit.platform.engine.support.hierarchical.ThrowableCollector.execute(ThrowableCollector.java:74)
	at org.junit.platform.engine.support.hierarchical.NodeTestTask.lambda$executeRecursively$1(NodeTestTask.java:166)
	at org.junit.platform.engine.support.hierarchical.Node.around(Node.java:138)
	at org.junit.platform.engine.support.hierarchical.NodeTestTask.lambda$executeRecursively$0(NodeTestTask.java:164)
	at org.junit.platform.engine.support.hierarchical.ThrowableCollector.execute(ThrowableCollector.java:74)
	at org.junit.platform.engine.support.hierarchical.NodeTestTask.executeRecursively(NodeTestTask.java:163)
	at org.junit.platform.engine.support.hierarchical.NodeTestTask.execute(NodeTestTask.java:116)
	at java.base/java.util.ArrayList.forEach(ArrayList.java:1604)
	at org.junit.platform.engine.support.hierarchical.SameThreadHierarchicalTestExecutorService.invokeAll(SameThreadHierarchicalTestExecutorService.java:42)
	at org.junit.platform.engine.support.hierarchical.NodeTestTask.lambda$executeRecursively$2(NodeTestTask.java:180)
	at org.junit.platform.engine.support.hierarchical.ThrowableCollector.execute(ThrowableCollector.java:74)
	at org.junit.platform.engine.support.hierarchical.NodeTestTask.lambda$executeRecursively$1(NodeTestTask.java:166)
	at org.junit.platform.engine.support.hierarchical.Node.around(Node.java:138)
	at org.junit.platform.engine.support.hierarchical.NodeTestTask.lambda$executeRecursively$0(NodeTestTask.java:164)
	at org.junit.platform.engine.support.hierarchical.ThrowableCollector.execute(ThrowableCollector.java:74)
	at org.junit.platform.engine.support.hierarchical.NodeTestTask.executeRecursively(NodeTestTask.java:163)
	at org.junit.platform.engine.support.hierarchical.NodeTestTask.execute(NodeTestTask.java:116)
	at org.junit.platform.engine.support.hierarchical.SameThreadHierarchicalTestExecutorService.submit(SameThreadHierarchicalTestExecutorService.java:36)
	at org.junit.platform.engine.support.hierarchical.HierarchicalTestExecutor.execute(HierarchicalTestExecutor.java:52)
	at org.junit.platform.engine.support.hierarchical.HierarchicalTestEngine.execute(HierarchicalTestEngine.java:58)
	at org.junit.platform.launcher.core.EngineExecutionOrchestrator.executeEngine(EngineExecutionOrchestrator.java:246)
	at org.junit.platform.launcher.core.EngineExecutionOrchestrator.failOrExecuteEngine(EngineExecutionOrchestrator.java:218)
	at org.junit.platform.launcher.core.EngineExecutionOrchestrator.execute(EngineExecutionOrchestrator.java:179)
	at org.junit.platform.launcher.core.EngineExecutionOrchestrator.execute(EngineExecutionOrchestrator.java:108)
	at org.junit.platform.launcher.core.EngineExecutionOrchestrator.lambda$execute$0(EngineExecutionOrchestrator.java:66)
	at org.junit.platform.launcher.core.EngineExecutionOrchestrator.withInterceptedStreams(EngineExecutionOrchestrator.java:157)
	at org.junit.platform.launcher.core.EngineExecutionOrchestrator.execute(EngineExecutionOrchestrator.java:65)
	at org.junit.platform.launcher.core.DefaultLauncher.execute(DefaultLauncher.java:125)
	at org.junit.platform.launcher.core.DefaultLauncher.execute(DefaultLauncher.java:114)
	at org.junit.platform.launcher.core.DelegatingLauncher.execute(DelegatingLauncher.java:58)
	at org.junit.platform.launcher.core.InterceptingLauncher.lambda$execute$2(InterceptingLauncher.java:57)
	at org.junit.platform.launcher.core.ClasspathAlignmentCheckingLauncherInterceptor.intercept(ClasspathAlignmentCheckingLauncherInterceptor.java:25)
	at org.junit.platform.launcher.core.InterceptingLauncher.execute(InterceptingLauncher.java:56)
	at org.junit.platform.launcher.core.DelegatingLauncher.execute(DelegatingLauncher.java:58)
	at java.base/jdk.internal.reflect.DirectMethodHandleAccessor.invoke(DirectMethodHandleAccessor.java:104)
	at java.base/java.lang.reflect.Method.invoke(Method.java:565)
	at org.apache.maven.surefire.api.util.ReflectionUtils.invokeMethodWithArray(ReflectionUtils.java:125)
	at org.apache.maven.surefire.junitplatform.LauncherAdapter.executeWithCancellationToken(LauncherAdapter.java:68)
	at org.apache.maven.surefire.junitplatform.LauncherAdapter.execute(LauncherAdapter.java:54)
	at org.apache.maven.surefire.junitplatform.JUnitPlatformProvider.execute(JUnitPlatformProvider.java:203)
	at org.apache.maven.surefire.junitplatform.JUnitPlatformProvider.invokeAllTests(JUnitPlatformProvider.java:168)
	at org.apache.maven.surefire.junitplatform.JUnitPlatformProvider.invoke(JUnitPlatformProvider.java:136)
	at org.apache.maven.surefire.booter.ForkedBooter.runSuitesInProcess(ForkedBooter.java:385)
	at org.apache.maven.surefire.booter.ForkedBooter.execute(ForkedBooter.java:162)
	at org.apache.maven.surefire.booter.ForkedBooter.run(ForkedBooter.java:507)
	at org.apache.maven.surefire.booter.ForkedBooter.main(ForkedBooter.java:495)
2026-10-05 00:06:17.835 INFO  [main] c.s.p.s.impl.DashboardServiceImpl - Starting CSV export for active firms. RiskBand filter: null, Batch size: 10
2026-10-05 00:06:17.835 INFO  [main] c.s.p.s.impl.DashboardServiceImpl - CSV export completed successfully. Total batches processed: 1
2026-10-05 00:06:17.840 INFO  [main] c.s.p.s.impl.DashboardServiceImpl - Starting CSV export for active firms. RiskBand filter: null, Batch size: 10
2026-10-05 00:06:17.840 INFO  [main] c.s.p.s.impl.DashboardServiceImpl - CSV export completed successfully. Total batches processed: 1
2026-10-05 00:06:17.843 INFO  [main] c.s.p.s.impl.DashboardServiceImpl - Starting CSV export for active firms. RiskBand filter: null, Batch size: 10
2026-10-05 00:06:17.844 INFO  [main] c.s.p.s.impl.DashboardServiceImpl - CSV export completed successfully. Total batches processed: 1
2026-10-05 00:06:17.846 INFO  [main] c.s.p.s.impl.DashboardServiceImpl - Starting CSV export for active firms. RiskBand filter: null, Batch size: 10
2026-10-05 00:06:17.847 INFO  [main] c.s.p.s.impl.DashboardServiceImpl - CSV export completed successfully. Total batches processed: 1
2026-10-05 00:06:17.941 INFO  [main] c.s.p.s.i.DefaultOccurrenceServiceImpl - Fetching paginated active default occurrences
2026-10-05 00:06:17.948 INFO  [main] c.s.p.s.i.DefaultOccurrenceServiceImpl - Fetching default occurrence with ID: 7
2026-10-05 00:06:17.952 INFO  [main] c.s.p.s.i.DefaultOccurrenceServiceImpl - Fetching default occurrence with ID: 7
2026-10-05 00:06:17.952 WARN  [main] c.s.p.s.i.DefaultOccurrenceServiceImpl - Fetch failed. Active default occurrence not found with ID: 7
2026-10-05 00:06:17.957 INFO  [main] c.s.p.s.i.DefaultOccurrenceServiceImpl - Initiating creation of default occurrence for Firm ID: 1
2026-10-05 00:06:17.957 WARN  [main] c.s.p.s.i.DefaultOccurrenceServiceImpl - Creation failed. Active firm not found with ID: 1
2026-10-05 00:06:17.961 INFO  [main] c.s.p.s.i.DefaultOccurrenceServiceImpl - Initiating creation of default occurrence for Firm ID: 1
2026-10-05 00:06:17.961 INFO  [main] c.s.p.s.i.DefaultOccurrenceServiceImpl - Default occurrence created successfully. Firm ID: 1, Amount Due: 1500.00
2026-10-05 00:06:17.965 INFO  [main] c.s.p.s.i.DefaultOccurrenceServiceImpl - Initiating logical deletion for default occurrence ID: 7
2026-10-05 00:06:17.966 INFO  [main] c.s.p.s.i.DefaultOccurrenceServiceImpl - Default occurrence ID: 7 successfully marked as deleted
2026-10-05 00:06:17.970 INFO  [main] c.s.p.s.i.DefaultOccurrenceServiceImpl - Initiating logical deletion for default occurrence ID: 7
2026-10-05 00:06:17.970 WARN  [main] c.s.p.s.i.DefaultOccurrenceServiceImpl - Deletion failed. Active default occurrence not found with ID: 7
2026-10-05 00:06:17.977 INFO  [main] c.s.p.s.i.DefaultOccurrenceServiceImpl - Initiating update for default occurrence ID: 7
2026-10-05 00:06:17.979 INFO  [main] c.s.p.s.i.DefaultOccurrenceServiceImpl - Default occurrence ID: 7 updated successfully
2026-10-05 00:06:17.986 INFO  [main] c.s.p.s.i.DefaultOccurrenceServiceImpl - Initiating update for default occurrence ID: 7
2026-10-05 00:06:17.986 WARN  [main] c.s.p.s.i.DefaultOccurrenceServiceImpl - Update failed. Active default occurrence not found with ID: 7
2026-10-05 00:06:17.992 INFO  [main] c.s.p.s.i.DefaultOccurrenceServiceImpl - Initiating resolution status update for default occurrence ID: 7
2026-10-05 00:06:18.009 INFO  [main] c.s.p.s.i.DefaultOccurrenceServiceImpl - Default occurrence ID: 7 successfully marked as resolved
2026-10-05 00:06:18.013 INFO  [main] c.s.p.s.i.DefaultOccurrenceServiceImpl - Initiating resolution status update for default occurrence ID: 7
2026-10-05 00:06:18.014 WARN  [main] c.s.p.s.i.DefaultOccurrenceServiceImpl - Status update failed. Active default occurrence not found with ID: 7
2026-10-05 00:06:18.115 INFO  [main] c.s.p.service.impl.FirmServiceImpl - Initiating logical deletion for Firm ID: 1 and its cascading dependencies
2026-10-05 00:06:18.116 INFO  [main] c.s.p.service.impl.FirmServiceImpl - Successfully marked 2 related calculated scores as deleted for Firm ID: 1
2026-10-05 00:06:18.116 INFO  [main] c.s.p.service.impl.FirmServiceImpl - Successfully marked 1 related default occurrences as deleted for Firm ID: 1
2026-10-05 00:06:18.116 INFO  [main] c.s.p.service.impl.FirmServiceImpl - Firm ID: 1 cascading deletion completed successfully
2026-10-05 00:06:18.121 INFO  [main] c.s.p.service.impl.FirmServiceImpl - Initiating update process for Firm ID: 1
2026-10-05 00:06:18.122 WARN  [main] c.s.p.service.impl.FirmServiceImpl - Update failed. Active firm not found with ID: 1
2026-10-05 00:06:18.126 INFO  [main] c.s.p.service.impl.FirmServiceImpl - Initiating update process for Firm ID: 1
2026-10-05 00:06:18.126 WARN  [main] c.s.p.service.impl.FirmServiceImpl - Business rule violation: Attempted to update Firm ID: 1 with an already registered CNPJ: 98765432000111
2026-10-05 00:06:18.130 INFO  [main] c.s.p.service.impl.FirmServiceImpl - Initiating update process for Firm ID: 1
2026-10-05 00:06:18.130 INFO  [main] c.s.p.service.impl.FirmServiceImpl - Firm ID: 1 updated successfully
2026-10-05 00:06:18.138 INFO  [main] c.s.p.service.impl.FirmServiceImpl - Initiating firm creation process for CNPJ: 12345678000199, requested by User ID: 10
2026-10-05 00:06:18.140 INFO  [main] c.s.p.service.impl.FirmServiceImpl - Firm created successfully with ID: 0, CNPJ: null
2026-10-05 00:06:18.148 INFO  [main] c.s.p.service.impl.FirmServiceImpl - Initiating firm creation process for CNPJ: 12345678000199, requested by User ID: 0
2026-10-05 00:06:18.148 WARN  [main] c.s.p.service.impl.FirmServiceImpl - Business rule violation: Attempted to register an already existing active CNPJ: 12345678000199
2026-10-05 00:06:18.152 INFO  [main] c.s.p.service.impl.FirmServiceImpl - Initiating firm creation process for CNPJ: 12345678000199, requested by User ID: 10
2026-10-05 00:06:18.153 WARN  [main] c.s.p.service.impl.FirmServiceImpl - Firm creation failed. Active user not found with ID: 10
2026-10-05 00:06:18.460 INFO  [main] c.s.p.service.impl.UserServiceImpl - Initiating update process for user ID: 1
2026-10-05 00:06:18.465 INFO  [main] c.s.p.service.impl.UserServiceImpl - Initiating update process for user ID: 2
2026-10-05 00:06:18.466 WARN  [main] c.s.p.service.impl.UserServiceImpl - Business rule violation: Attempted to update user ID: 2 with an already existing email: outro@riskscore.com
2026-10-05 00:06:18.471 INFO  [main] c.s.p.service.impl.UserServiceImpl - Initiating update process for user ID: 2
2026-10-05 00:06:18.473 INFO  [main] c.s.p.service.impl.UserServiceImpl - User ID: 0 updated successfully
2026-10-05 00:06:18.564 INFO  [main] c.s.p.service.impl.UserServiceImpl - Attempting authentication for email: analista@riskscore.com
2026-10-05 00:06:18.565 INFO  [main] c.s.p.service.impl.UserServiceImpl - Authentication successful for email: analista@riskscore.com. Generating JWT token.
2026-10-05 00:06:18.569 INFO  [main] c.s.p.service.impl.UserServiceImpl - Attempting authentication for email: analista@riskscore.com
2026-10-05 00:06:18.576 INFO  [main] c.s.p.service.impl.UserServiceImpl - Initiating user creation process for email: analista@riskscore.com
2026-10-05 00:06:18.576 WARN  [main] c.s.p.service.impl.UserServiceImpl - Business rule violation: Attempted to create user with an already existing email: analista@riskscore.com
2026-10-05 00:06:18.580 INFO  [main] c.s.p.service.impl.UserServiceImpl - Initiating user creation process for email: analista@riskscore.com
2026-10-05 00:06:18.581 INFO  [main] c.s.p.service.impl.UserServiceImpl - User created successfully with ID: 0
2026-10-05 00:06:18.587 INFO  [main] c.s.p.service.impl.UserServiceImpl - Initiating logical deletion for user ID: 2
2026-10-05 00:06:18.588 INFO  [main] c.s.p.service.impl.UserServiceImpl - User ID: 2 successfully marked as deleted
2026-10-05 00:06:18.592 INFO  [main] c.s.p.service.impl.UserServiceImpl - Initiating logical deletion for user ID: 1
2026-10-05 00:06:18.597 INFO  [main] c.s.p.service.impl.UserServiceImpl - Initiating logical deletion for user ID: 99
2026-10-05 00:06:18.597 WARN  [main] c.s.p.service.impl.UserServiceImpl - Deletion failed. Active user not found with ID: 99
2026-10-05 00:06:18.682 INFO  [main] c.s.p.s.i.WeightConfigurationServiceImpl - Fetching weight configuration with ID: 99
2026-10-05 00:06:18.682 WARN  [main] c.s.p.s.i.WeightConfigurationServiceImpl - Fetch failed. Weight configuration not found with ID: 99
2026-10-05 00:06:18.686 INFO  [main] c.s.p.s.i.WeightConfigurationServiceImpl - Initiating weight configuration creation process requested by User ID: 0
2026-10-05 00:06:18.686 WARN  [main] c.s.p.s.i.WeightConfigurationServiceImpl - Business rule violation: Attempted to create configuration where low risk threshold (400) is not greater than medium risk threshold (400)
2026-10-05 00:06:18.690 INFO  [main] c.s.p.s.i.WeightConfigurationServiceImpl - Initiating weight configuration creation process requested by User ID: 10
2026-10-05 00:06:18.691 INFO  [main] c.s.p.s.i.WeightConfigurationServiceImpl - Deactivated 2 previously active weight configurations to maintain single active state
2026-10-05 00:06:18.692 INFO  [main] c.s.p.s.i.WeightConfigurationServiceImpl - New weight configuration successfully created and activated with ID: null
2026-10-05 00:06:18.696 INFO  [main] c.s.p.s.i.WeightConfigurationServiceImpl - Initiating weight configuration creation process requested by User ID: 10
2026-10-05 00:06:18.696 WARN  [main] c.s.p.s.i.WeightConfigurationServiceImpl - Creation failed. Active user not found with ID: 10
2026-10-05 00:06:18.701 INFO  [main] c.s.p.s.i.WeightConfigurationServiceImpl - Initiating logical deletion for weight configuration ID: 1
2026-10-05 00:06:18.701 WARN  [main] c.s.p.s.i.WeightConfigurationServiceImpl - Business rule violation: Attempted to delete the only active weight configuration ID: 1
2026-10-05 00:06:18.709 INFO  [main] c.s.p.s.i.WeightConfigurationServiceImpl - Initiating update process for weight configuration ID: 1
2026-10-05 00:06:18.710 WARN  [main] c.s.p.s.i.WeightConfigurationServiceImpl - Business rule violation during update: Low risk threshold (300) is not greater than medium risk threshold (400)
2026-10-05 00:06:18.715 INFO  [main] c.s.p.s.i.WeightConfigurationServiceImpl - Initiating update process for weight configuration ID: 1
2026-10-05 00:06:18.717 INFO  [main] c.s.p.s.i.WeightConfigurationServiceImpl - Deactivating current configuration ID: 0 to create a new updated version
2026-10-05 00:06:18.718 INFO  [main] c.s.p.s.i.WeightConfigurationServiceImpl - Updated weight configuration successfully created and activated with new ID: null
2026-10-05 00:06:18.779 INFO  [SpringApplicationShutdownHook] o.s.o.j.LocalContainerEntityManagerFactoryBean - Closing JPA EntityManagerFactory for persistence unit 'default'
2026-10-05 00:06:18.783 INFO  [SpringApplicationShutdownHook] com.zaxxer.hikari.HikariDataSource - HikariPool-1 - Shutdown initiated...
2026-10-05 00:06:18.788 INFO  [SpringApplicationShutdownHook] com.zaxxer.hikari.HikariDataSource - HikariPool-1 - Shutdown completed.
2026-10-05 00:06:19.252 INFO  [SpringApplicationShutdownHook] o.s.o.j.LocalContainerEntityManagerFactoryBean - Closing JPA EntityManagerFactory for persistence unit 'default'
2026-10-05 00:06:19.252 INFO  [SpringApplicationShutdownHook] com.zaxxer.hikari.HikariDataSource - HikariPool-2 - Shutdown initiated...
2026-10-05 00:06:19.259 INFO  [SpringApplicationShutdownHook] com.zaxxer.hikari.HikariDataSource - HikariPool-2 - Shutdown completed.
